// Jest Snapshot v1, https://goo.gl/fbAQLP

exports[`Home Page Should match snapshot 1`] = `[Function]`;
